**********************
Windows PowerShell transcript start
Start time: 20231019155123
Username: DESKTOP-BN66QKJ\91821
RunAs User: DESKTOP-BN66QKJ\91821
Configuration Name: 
Machine: DESKTOP-BN66QKJ (Microsoft Windows NT 10.0.19045.0)
Host Application: C:\WINDOWS\System32\WindowsPowerShell\v1.0\powershell.exe -noexit -command try { . "c:\Users\91821\AppData\Local\Programs\Microsoft VS Code\resources\app\out\vs\workbench\contrib\terminal\browser\media\shellIntegration.ps1" } catch {}
Process ID: 7560
PSVersion: 5.1.19041.3031
PSEdition: Desktop
PSCompatibleVersions: 1.0, 2.0, 3.0, 4.0, 5.0, 5.1.19041.3031
BuildVersion: 10.0.19041.3031
CLRVersion: 4.0.30319.42000
WSManStackVersion: 3.0
PSRemotingProtocolVersion: 2.3
SerializationVersion: 1.1.0.1
**********************
Transcript started, output file is c:\Users\91821\github-classroom\FPC-advanced\fpc-advanced-classroom-1st-year-assignment-Skanda888K\set02\problem02_session.txt
PS C:\Users\91821\github-classroom\FPC-advanced\fpc-advanced-classroom-1st-year-assignment-Skanda888K> gcc -g "c:\Users\91821\github-classroom\FPC-advanced\fpc-advanced-classroom-1st-year-assignment-Skanda888K\set01\problem01.c" -o "c:\Users\91821\github-classroom\FPC-advanced\fpc-advanced-classroom-1st-year-assignment-Skanda888K\set01\problem01.exe" 2>&1

PS C:\Users\91821\github-classroom\FPC-advanced\fpc-advanced-classroom-1st-year-assignment-Skanda888K> c:\Users\91821\github-classroom\FPC-advanced\fpc-advanced-classroom-1st-year-assignment-Skanda888K\set01\problem01.exe
SKANDA KUMAR
PS C:\Users\91821\github-classroom\FPC-advanced\fpc-advanced-classroom-1st-year-assignment-Skanda888K> gcc -g "c:\Users\91821\github-classroom\FPC-advanced\fpc-advanced-classroom-1st-year-assignment-Skanda888K\set01\problem02.c" -o "c:\Users\91821\github-classroom\FPC-advanced\fpc-advanced-classroom-1st-year-assignment-Skanda888K\set01\problem02.exe" 2>&1

PS C:\Users\91821\github-classroom\FPC-advanced\fpc-advanced-classroom-1st-year-assignment-Skanda888K> c:\Users\91821\github-classroom\FPC-advanced\fpc-advanced-classroom-1st-year-assignment-Skanda888K\set01\problem02.exe
The sum of 3 and 4 is 7
PS C:\Users\91821\github-classroom\FPC-advanced\fpc-advanced-classroom-1st-year-assignment-Skanda888K> gcc -g "c:\Users\91821\github-classroom\FPC-advanced\fpc-advanced-classroom-1st-year-assignment-Skanda888K\set01\problem03.c" -o "c:\Users\91821\github-classroom\FPC-advanced\fpc-advanced-classroom-1st-year-assignment-Skanda888K\set01\problem03.exe" 2>&1

PS C:\Users\91821\github-classroom\FPC-advanced\fpc-advanced-classroom-1st-year-assignment-Skanda888K> c:\Users\91821\github-classroom\FPC-advanced\fpc-advanced-classroom-1st-year-assignment-Skanda888K\set01\problem03.exe
The sum of 4 and 5 is 9
PS C:\Users\91821\github-classroom\FPC-advanced\fpc-advanced-classroom-1st-year-assignment-Skanda888K> gcc -g "c:\Users\91821\github-classroom\FPC-advanced\fpc-advanced-classroom-1st-year-assignment-Skanda888K\set01\problem04.c" -o "c:\Users\91821\github-classroom\FPC-advanced\fpc-advanced-classroom-1st-year-assignment-Skanda888K\set01\problem04.exe" 2>&1

PS C:\Users\91821\github-classroom\FPC-advanced\fpc-advanced-classroom-1st-year-assignment-Skanda888K> c:\Users\91821\github-classroom\FPC-advanced\fpc-advanced-classroom-1st-year-assignment-Skanda888K\set01\problem04.exe
3+4=7
PS C:\Users\91821\github-classroom\FPC-advanced\fpc-advanced-classroom-1st-year-assignment-Skanda888K> gcc -g "c:\Users\91821\github-classroom\FPC-advanced\fpc-advanced-classroom-1st-year-assignment-Skanda888K\set01\problem05.c" -o "c:\Users\91821\github-classroom\FPC-advanced\fpc-advanced-classroom-1st-year-assignment-Skanda888K\set01\problem05.exe" 2>&1

PS C:\Users\91821\github-classroom\FPC-advanced\fpc-advanced-classroom-1st-year-assignment-Skanda888K> c:\Users\91821\github-classroom\FPC-advanced\fpc-advanced-classroom-1st-year-assignment-Skanda888K\set01\problem05.exe
The largest b/w 3,4 and 5 is5
PS C:\Users\91821\github-classroom\FPC-advanced\fpc-advanced-classroom-1st-year-assignment-Skanda888K> gcc -g "c:\Users\91821\github-classroom\FPC-advanced\fpc-advanced-classroom-1st-year-assignment-Skanda888K\set01\problem06.c" -o "c:\Users\91821\github-classroom\FPC-advanced\fpc-advanced-classroom-1st-year-assignment-Skanda888K\set01\problem06.exe" 2>&1

PS C:\Users\91821\github-classroom\FPC-advanced\fpc-advanced-classroom-1st-year-assignment-Skanda888K> c:\Users\91821\github-classroom\FPC-advanced\fpc-advanced-classroom-1st-year-assignment-Skanda888K\set01\problem06.exe
Largest number b/w 3,4 and 5 is5
PS C:\Users\91821\github-classroom\FPC-advanced\fpc-advanced-classroom-1st-year-assignment-Skanda888K> gcc -g "c:\Users\91821\github-classroom\FPC-advanced\fpc-advanced-classroom-1st-year-assignment-Skanda888K\set01\problem07.c" -o "c:\Users\91821\github-classroom\FPC-advanced\fpc-advanced-classroom-1st-year-assignment-Skanda888K\set01\problem07.exe" 2>&1

PS C:\Users\91821\github-classroom\FPC-advanced\fpc-advanced-classroom-1st-year-assignment-Skanda888K> c:\Users\91821\github-classroom\FPC-advanced\fpc-advanced-classroom-1st-year-assignment-Skanda888K\set01\problem07.exe
The sum upto 3 number is 6
PS C:\Users\91821\github-classroom\FPC-advanced\fpc-advanced-classroom-1st-year-assignment-Skanda888K> gcc -g "c:\Users\91821\github-classroom\FPC-advanced\fpc-advanced-classroom-1st-year-assignment-Skanda888K\set01\problem08.c" -o "c:\Users\91821\github-classroom\FPC-advanced\fpc-advanced-classroom-1st-year-assignment-Skanda888K\set01\problem08.exe" 2>&1

PS C:\Users\91821\github-classroom\FPC-advanced\fpc-advanced-classroom-1st-year-assignment-Skanda888K> c:\Users\91821\github-classroom\FPC-advanced\fpc-advanced-classroom-1st-year-assignment-Skanda888K\set01\problem08.exe

PS C:\Users\91821\github-classroom\FPC-advanced\fpc-advanced-classroom-1st-year-assignment-Skanda888K> 3
3
PS C:\Users\91821\github-classroom\FPC-advanced\fpc-advanced-classroom-1st-year-assignment-Skanda888K> gcc -g "c:\Users\91821\github-classroom\FPC-advanced\fpc-advanced-classroom-1st-year-assignment-Skanda888K\set01\problem10.c" -o "c:\Users\91821\github-classroom\FPC-advanced\fpc-advanced-classroom-1st-year-assignment-Skanda888K\set01\problem10.exe" 2>&1
gcc : c:\Users\91821\github-classroom\FPC-advanced\fpc-advanced-classroom-1st-year-assignment-Ska
nda888K\set01\problem10.c: In function 'string_cmp':
At line:1 char:1
+ gcc -g "c:\Users\91821\github-classroom\FPC-advanced\fpc-advanced-cla ...
+ ~~~~~~~~~~~~~~~~~~~~~~~~~~~~~~~~~~~~~~~~~~~~~~~~~~~~~~~~~~~~~~~~~~~~~
    + CategoryInfo          : NotSpecified: (c:\Users\91821\...n 'string_cmp'::String) [], Remot
   eException
    + FullyQualifiedErrorId : NativeCommandError

c:\Users\91821\github-classroom\FPC-advanced\fpc-advanced-classroom-1st-year-assignment-Skanda888
K\set01\problem10.c:24:12: warning: return makes integer from pointer without a cast
[-Wint-conversion]
     return result;
            ^~~~~~
c:\Users\91821\github-classroom\FPC-advanced\fpc-advanced-classroom-1st-year-assignment-Skanda888
K\set01\problem10.c: In function 'main':
c:\Users\91821\github-classroom\FPC-advanced\fpc-advanced-classroom-1st-year-assignment-Skanda888
K\set01\problem10.c:40:11: warning: passing argument 1 of 'input' from incompatible pointer type
[-Wincompatible-pointer-types]
     input(&str1,&str2);
           ^
c:\Users\91821\github-classroom\FPC-advanced\fpc-advanced-classroom-1st-year-assignment-Skanda888
K\set01\problem10.c:2:6: note: expected 'char **' but argument is of type 'char *'
 void input(char *string1[100],char *string2[100])
      ^~~~~
c:\Users\91821\github-classroom\FPC-advanced\fpc-advanced-classroom-1st-year-assignment-Skanda888
K\set01\problem10.c:40:17: warning: passing argument 2 of 'input' from incompatible pointer type
[-Wincompatible-pointer-types]
     input(&str1,&str2);
                 ^
c:\Users\91821\github-classroom\FPC-advanced\fpc-advanced-classroom-1st-year-assignment-Skanda888
K\set01\problem10.c:2:6: note: expected 'char **' but argument is of type 'char *'
 void input(char *string1[100],char *string2[100])
      ^~~~~
c:\Users\91821\github-classroom\FPC-advanced\fpc-advanced-classroom-1st-year-assignment-Skanda888
K\set01\problem10.c:41:17: warning: passing argument 1 of 'string_cmp' makes pointer from
integer without a cast [-Wint-conversion]
     string_cmp( str1, str2, &result);
                 ^~~~
c:\Users\91821\github-classroom\FPC-advanced\fpc-advanced-classroom-1st-year-assignment-Skanda888
K\set01\problem10.c:8:5: note: expected 'char *' but argument is of type 'char'
 int string_cmp(char string1[100],char string2[100],int *result)
     ^~~~~~~~~~
c:\Users\91821\github-classroom\FPC-advanced\fpc-advanced-classroom-1st-year-assignment-Skanda888
K\set01\problem10.c:41:23: warning: passing argument 2 of 'string_cmp' makes pointer from
integer without a cast [-Wint-conversion]
     string_cmp( str1, str2, &result);
                       ^~~~
c:\Users\91821\github-classroom\FPC-advanced\fpc-advanced-classroom-1st-year-assignment-Skanda888
K\set01\problem10.c:8:5: note: expected 'char *' but argument is of type 'char'
 int string_cmp(char string1[100],char string2[100],int *result)
     ^~~~~~~~~~
c:\Users\91821\github-classroom\FPC-advanced\fpc-advanced-classroom-1st-year-assignment-Skanda888
K\set01\problem10.c:42:12: warning: passing argument 1 of 'output' makes pointer from integer
without a cast [-Wint-conversion]
     output(str1, str2, result);
            ^~~~
c:\Users\91821\github-classroom\FPC-advanced\fpc-advanced-classroom-1st-year-assignment-Skanda888
K\set01\problem10.c:27:6: note: expected 'char *' but argument is of type 'char'
 void output(char string1[100],char string2[100],int result)
      ^~~~~~
c:\Users\91821\github-classroom\FPC-advanced\fpc-advanced-classroom-1st-year-assignment-Skanda888
K\set01\problem10.c:42:18: warning: passing argument 2 of 'output' makes pointer from integer
without a cast [-Wint-conversion]
     output(str1, str2, result);
                  ^~~~
c:\Users\91821\github-classroom\FPC-advanced\fpc-advanced-classroom-1st-year-assignment-Skanda888
K\set01\problem10.c:27:6: note: expected 'char *' but argument is of type 'char'
 void output(char string1[100],char string2[100],int result)
      ^~~~~~

PS C:\Users\91821\github-classroom\FPC-advanced\fpc-advanced-classroom-1st-year-assignment-Skanda888K> c:\Users\91821\github-classroom\FPC-advanced\fpc-advanced-classroom-1st-year-assignment-Skanda888K\set01\problem10.exe

PS C:\Users\91821\github-classroom\FPC-advanced\fpc-advanced-classroom-1st-year-assignment-Skanda888K> DSDADSSAD
DSDADSSAD : The term 'DSDADSSAD' is not recognized as the name of a cmdlet, function, script file, or operable program. 
Check the spelling of the name, or if a path was included, verify that the path is correct and try again.
At line:1 char:1
+ DSDADSSAD
+ ~~~~~~~~~
    + CategoryInfo          : ObjectNotFound: (DSDADSSAD:String) [], CommandNotFoundException
    + FullyQualifiedErrorId : CommandNotFoundException
DSDADSSAD : The term 'DSDADSSAD' is not recognized as the name of a cmdlet, function, script
file, or operable program. Check the spelling of the name, or if a path was included, verify
that the path is correct and try again.
At line:1 char:1
+ DSDADSSAD
+ ~~~~~~~~~
    + CategoryInfo          : ObjectNotFound: (DSDADSSAD:String) [], CommandNotFoundException
    + FullyQualifiedErrorId : CommandNotFoundException

